·S 0:00:42.850012 {RSX [0x0016c00]} VRGEN: VR profile generation requested for BLUS30182; sampling gameplay after the menu closes.
·! 0:00:53.183123 {RSX [0x02f2c00]} VRGEN: Frame rate 90.0 FPS at a 90.00 Hz vblank: a frame every 1 vblank(s), max_fps 90.
·! 0:00:53.196483 {RSX [0x02f2c00]} VRGEN: Sampled 20 frames over 10.0 s of play: 35581 draws, 34501 on output-aspect (1280x720) targets.
·! 0:00:53.230979 {RSX [0x02f2c00]} VRGEN: Candidate column_vectors c[26]: 33170 draws
·! 0:00:53.231031 {RSX [0x02f2c00]} VRGEN: Candidate column_vectors_xyw c[256]: 791 draws
·! 0:00:53.231044 {RSX [0x02f2c00]} VRGEN: Candidate column_vectors c[39]: 200 draws
·! 0:00:53.231056 {RSX [0x02f2c00]} VRGEN: Candidate row_vectors c[26]: 40 draws
·! 0:00:53.238002 {RSX [0x02f2c00]} VRGEN: Program 772 holds non-camera data in c[39]: require_rigid_camera.
·! 0:00:53.243676 {RSX [0x02f2c00]} VRGEN: Program 37: 20 output-aspect draws not covered (full-screen pass, HUD, or a camera the profile misses).
·! 0:00:53.243702 {RSX [0x02f2c00]} VRGEN: Program 242: 20 output-aspect draws not covered (full-screen pass, HUD, or a camera the profile misses).
·! 0:00:53.243714 {RSX [0x02f2c00]} VRGEN: Program 578: 40 output-aspect draws not covered (full-screen pass, HUD, or a camera the profile misses).
·! 0:00:53.243726 {RSX [0x02f2c00]} VRGEN: Program 613: 140 output-aspect draws not covered (full-screen pass, HUD, or a camera the profile misses).
·! 0:00:53.243737 {RSX [0x02f2c00]} VRGEN: Program 772: 20 output-aspect draws not covered (full-screen pass, HUD, or a camera the profile misses).
·! 0:00:53.243748 {RSX [0x02f2c00]} VRGEN: Program 813: 280 output-aspect draws not covered (full-screen pass, HUD, or a camera the profile misses).
·! 0:00:53.243759 {RSX [0x02f2c00]} VRGEN: Program 858: 331 output-aspect draws not covered (full-screen pass, HUD, or a camera the profile misses).
·! 0:00:53.243770 {RSX [0x02f2c00]} VRGEN: Program 1034: 280 output-aspect draws not covered (full-screen pass, HUD, or a camera the profile misses).
·! 0:00:53.244131 {RSX [0x02f2c00]} VRGEN: Camera blocks cover 33310 of 33330 depth-tested scene draws (100%).
·! 0:00:53.244149 {RSX [0x02f2c00]} VRGEN: Camera position: best c[18] matches 3149 of 33370 eye points.
·! 0:00:53.252316 {RSX [0x02f2c00]} VRGEN: Camera block w-row scale over 33310 draws: 10% 1, 90% 1.345.
·! 0:00:53.253912 {RSX [0x02f2c00]} VRGEN: Near plane 0.1006 units: eye_baseline 0.0640 (world units per metre 1.000).
·! 0:00:53.253991 {RSX [0x02f2c00]} VRGEN: Stray data in a camera block is off the output aspect: require_camera_aspect.
·! 0:00:53.254020 {RSX [0x02f2c00]} VRGEN: Program 0f2da53886751e68: 120 camera draws read the depth buffer as colour (a deferred pass rebuilding positions from it). If its lighting or shadows slide over the scene as the head turns, list it in depth_remap_programs (Asura's Wrath); if its fragment program scales a view-ray texture coordinate by the depth, also depth_remap_ray_texcoord (and depth_remap_xyw for an (x, y, w) clip position), as for Sonic's shadow cascades.
·! 0:00:53.254034 {RSX [0x02f2c00]} VRGEN: Program 146dd6a3bb42744e: 1500 camera draws read the depth buffer as colour (a deferred pass rebuilding positions from it). If its lighting or shadows slide over the scene as the head turns, list it in depth_remap_programs (Asura's Wrath); if its fragment program scales a view-ray texture coordinate by the depth, also depth_remap_ray_texcoord (and depth_remap_xyw for an (x, y, w) clip position), as for Sonic's shadow cascades.
·! 0:00:53.254047 {RSX [0x02f2c00]} VRGEN: Program 15dc9948faa16684: 20 camera draws read the depth buffer as colour (a deferred pass rebuilding positions from it). If its lighting or shadows slide over the scene as the head turns, list it in depth_remap_programs (Asura's Wrath); if its fragment program scales a view-ray texture coordinate by the depth, also depth_remap_ray_texcoord (and depth_remap_xyw for an (x, y, w) clip position), as for Sonic's shadow cascades.
·! 0:00:53.254058 {RSX [0x02f2c00]} VRGEN: Program 4ef231af08b4cfab: 40 camera draws read the depth buffer as colour (a deferred pass rebuilding positions from it). If its lighting or shadows slide over the scene as the head turns, list it in depth_remap_programs (Asura's Wrath); if its fragment program scales a view-ray texture coordinate by the depth, also depth_remap_ray_texcoord (and depth_remap_xyw for an (x, y, w) clip position), as for Sonic's shadow cascades.
·! 0:00:53.254069 {RSX [0x02f2c00]} VRGEN: Program 5584456b5d857fbf: 20 camera draws read the depth buffer as colour (a deferred pass rebuilding positions from it). If its lighting or shadows slide over the scene as the head turns, list it in depth_remap_programs (Asura's Wrath); if its fragment program scales a view-ray texture coordinate by the depth, also depth_remap_ray_texcoord (and depth_remap_xyw for an (x, y, w) clip position), as for Sonic's shadow cascades.
·! 0:00:53.254081 {RSX [0x02f2c00]} VRGEN: Program 5ba515ef26bb0e40: 20 camera draws read the depth buffer as colour (a deferred pass rebuilding positions from it). If its lighting or shadows slide over the scene as the head turns, list it in depth_remap_programs (Asura's Wrath); if its fragment program scales a view-ray texture coordinate by the depth, also depth_remap_ray_texcoord (and depth_remap_xyw for an (x, y, w) clip position), as for Sonic's shadow cascades.
·! 0:00:53.254092 {RSX [0x02f2c00]} VRGEN: Program 78073d162327466f: 20 camera draws read the depth buffer as colour (a deferred pass rebuilding positions from it). If its lighting or shadows slide over the scene as the head turns, list it in depth_remap_programs (Asura's Wrath); if its fragment program scales a view-ray texture coordinate by the depth, also depth_remap_ray_texcoord (and depth_remap_xyw for an (x, y, w) clip position), as for Sonic's shadow cascades.
·! 0:00:53.254103 {RSX [0x02f2c00]} VRGEN: Program 9d5d7772f6db5400: 120 camera draws read the depth buffer as colour (a deferred pass rebuilding positions from it). If its lighting or shadows slide over the scene as the head turns, list it in depth_remap_programs (Asura's Wrath); if its fragment program scales a view-ray texture coordinate by the depth, also depth_remap_ray_texcoord (and depth_remap_xyw for an (x, y, w) clip position), as for Sonic's shadow cascades.
·! 0:00:53.254114 {RSX [0x02f2c00]} VRGEN: Program de10c7c65014dcc2: 1000 camera draws read the depth buffer as colour (a deferred pass rebuilding positions from it). If its lighting or shadows slide over the scene as the head turns, list it in depth_remap_programs (Asura's Wrath); if its fragment program scales a view-ray texture coordinate by the depth, also depth_remap_ray_texcoord (and depth_remap_xyw for an (x, y, w) clip position), as for Sonic's shadow cascades.
·! 0:00:53.254126 {RSX [0x02f2c00]} VRGEN: Program e37f5683693eeb3a: 60 camera draws read the depth buffer as colour (a deferred pass rebuilding positions from it). If its lighting or shadows slide over the scene as the head turns, list it in depth_remap_programs (Asura's Wrath); if its fragment program scales a view-ray texture coordinate by the depth, also depth_remap_ray_texcoord (and depth_remap_xyw for an (x, y, w) clip position), as for Sonic's shadow cascades.
·! 0:00:53.254137 {RSX [0x02f2c00]} VRGEN: Program ed87b9f102267c65: 60 camera draws read the depth buffer as colour (a deferred pass rebuilding positions from it). If its lighting or shadows slide over the scene as the head turns, list it in depth_remap_programs (Asura's Wrath); if its fragment program scales a view-ray texture coordinate by the depth, also depth_remap_ray_texcoord (and depth_remap_xyw for an (x, y, w) clip position), as for Sonic's shadow cascades.
·S 0:00:53.254653 {RSX [0x02f2c00]} VRGEN: VR profile written to 'F:\rpsc3\source\rpcs3\bin/vr_profiles/BLUS30182.json': column_vectors c[26, 39] (rigid), camera position c[18], HUD c[256], projection A 1.3002 (33370 of 34501 camera-view draws covered), max_fps 90.
